--- Database Connection Test ---

1. Testing connection and creating tables...
python : Traceback (most recent 
call last):
At line:1 char:1
+ python test_db_connection.py > 
test_log.txt 2>&1
+ ~~~~~~~~~~~~~~~~~~~~~~~~~~~~~~~~~
~~~~~~~~~~~~~~~
    + CategoryInfo          : NotS 
   pecified: (Traceback (most rec  
  ent call last)::String) [], Re   
 moteException
    + FullyQualifiedErrorId : Nati 
   veCommandError
 
  File "C:\Users\subha\AppData\Loca
l\Programs\Python\Python312\Lib\sit
e-packages\sqlalchemy\engine\base.p
y", line 145, in __init__
    self._dbapi_connection = 
engine.raw_connection()
                             
^^^^^^^^^^^^^^^^^^^^^^^
  File "C:\Users\subha\AppData\Loca
l\Programs\Python\Python312\Lib\sit
e-packages\sqlalchemy\engine\base.p
y", line 3297, in raw_connection
    return self.pool.connect()
           ^^^^^^^^^^^^^^^^^^^
  File "C:\Users\subha\AppData\Loca
l\Programs\Python\Python312\Lib\sit
e-packages\sqlalchemy\pool\base.py"
, line 449, in connect
    return 
_ConnectionFairy._checkout(self)
           
^^^^^^^^^^^^^^^^^^^^^^^^^^^^^^^^
  File "C:\Users\subha\AppData\Loca
l\Programs\Python\Python312\Lib\sit
e-packages\sqlalchemy\pool\base.py"
, line 1264, in _checkout
    fairy = 
_ConnectionRecord.checkout(pool)
            
^^^^^^^^^^^^^^^^^^^^^^^^^^^^^^^^
  File "C:\Users\subha\AppData\Loca
l\Programs\Python\Python312\Lib\sit
e-packages\sqlalchemy\pool\base.py"
, line 713, in checkout
    rec = pool._do_get()
          ^^^^^^^^^^^^^^
  File "C:\Users\subha\AppData\Loca
l\Programs\Python\Python312\Lib\sit
e-packages\sqlalchemy\pool\impl.py"
, line 179, in _do_get
    with util.safe_reraise():
         ^^^^^^^^^^^^^^^^^^^
  File "C:\Users\subha\AppData\Loca
l\Programs\Python\Python312\Lib\sit
e-packages\sqlalchemy\util\langhelp
ers.py", line 224, in __exit__
    raise 
exc_value.with_traceback(exc_tb)
  File "C:\Users\subha\AppData\Loca
l\Programs\Python\Python312\Lib\sit
e-packages\sqlalchemy\pool\impl.py"
, line 177, in _do_get
    return 
self._create_connection()
           
^^^^^^^^^^^^^^^^^^^^^^^^^
  File "C:\Users\subha\AppData\Loca
l\Programs\Python\Python312\Lib\sit
e-packages\sqlalchemy\pool\base.py"
, line 390, in _create_connection
    return _ConnectionRecord(self)
           ^^^^^^^^^^^^^^^^^^^^^^^
  File "C:\Users\subha\AppData\Loca
l\Programs\Python\Python312\Lib\sit
e-packages\sqlalchemy\pool\base.py"
, line 675, in __init__
    self.__connect()
  File "C:\Users\subha\AppData\Loca
l\Programs\Python\Python312\Lib\sit
e-packages\sqlalchemy\pool\base.py"
, line 901, in __connect
    with util.safe_reraise():
         ^^^^^^^^^^^^^^^^^^^
  File "C:\Users\subha\AppData\Loca
l\Programs\Python\Python312\Lib\sit
e-packages\sqlalchemy\util\langhelp
ers.py", line 224, in __exit__
    raise 
exc_value.with_traceback(exc_tb)
  File "C:\Users\subha\AppData\Loca
l\Programs\Python\Python312\Lib\sit
e-packages\sqlalchemy\pool\base.py"
, line 897, in __connect
    self.dbapi_connection = 
connection = 
pool._invoke_creator(self)
                                   
      ^^^^^^^^^^^^^^^^^^^^^^^^^^
  File "C:\Users\subha\AppData\Loca
l\Programs\Python\Python312\Lib\sit
e-packages\sqlalchemy\engine\create
.py", line 646, in connect
    return dialect.connect(*cargs, 
**cparams)
           
^^^^^^^^^^^^^^^^^^^^^^^^^^^^^^^^^^
  File "C:\Users\subha\AppData\Loca
l\Programs\Python\Python312\Lib\sit
e-packages\sqlalchemy\engine\defaul
t.py", line 625, in connect
    return 
self.loaded_dbapi.connect(*cargs, 
**cparams)  # type: 
ignore[no-any-return]  # NOQA: E501
           ^^^^^^^^^^^^^^^^^^^^^^^^
^^^^^^^^^^^^^^^^^^^^
  File "C:\Users\subha\AppData\Loca
l\Programs\Python\Python312\Lib\sit
e-packages\sqlalchemy\dialects\mysq
l\aiomysql.py", line 270, in 
connect
    await_only(creator_fn(*arg, 
**kw)),
    
^^^^^^^^^^^^^^^^^^^^^^^^^^^^^^^^^^
  File "C:\Users\subha\AppData\Loca
l\Programs\Python\Python312\Lib\sit
e-packages\sqlalchemy\util\_concurr
ency_py3k.py", line 132, in 
await_only
    return 
current.parent.switch(awaitable)  
# type: 
ignore[no-any-return,attr-defined] 
# noqa: E501
           
^^^^^^^^^^^^^^^^^^^^^^^^^^^^^^^^
  File "C:\Users\subha\AppData\Loca
l\Programs\Python\Python312\Lib\sit
e-packages\sqlalchemy\util\_concurr
ency_py3k.py", line 196, in 
greenlet_spawn
    value = await result
            ^^^^^^^^^^^^
  File "C:\Users\subha\AppData\Loca
l\Programs\Python\Python312\Lib\sit
e-packages\aiomysql\connection.py",
 line 74, in _connect
    await conn._connect()
  File "C:\Users\subha\AppData\Loca
l\Programs\Python\Python312\Lib\sit
e-packages\aiomysql\connection.py",
 line 540, in _connect
    await 
self._request_authentication()
  File "C:\Users\subha\AppData\Loca
l\Programs\Python\Python312\Lib\sit
e-packages\aiomysql\connection.py",
 line 865, in 
_request_authentication
    await self.caching_sha2_passwor
d_auth(auth_packet)
  File "C:\Users\subha\AppData\Loca
l\Programs\Python\Python312\Lib\sit
e-packages\aiomysql\connection.py",
 line 989, in 
caching_sha2_password_auth
    pkt = await self._read_packet()
          ^^^^^^^^^^^^^^^^^^^^^^^^^
  File "C:\Users\subha\AppData\Loca
l\Programs\Python\Python312\Lib\sit
e-packages\aiomysql\connection.py",
 line 652, in _read_packet
    packet.raise_for_error()
  File "C:\Users\subha\AppData\Loca
l\Programs\Python\Python312\Lib\sit
e-packages\pymysql\protocol.py", 
line 219, in raise_for_error
    err.raise_mysql_exception(self.
_data)
  File "C:\Users\subha\AppData\Loca
l\Programs\Python\Python312\Lib\sit
e-packages\pymysql\err.py", line 
150, in raise_mysql_exception
    raise errorclass(errno, errval)
pymysql.err.OperationalError: 
(1045, "Access denied for user 
'root'@'localhost' (using 
password: YES)")

The above exception was the direct 
cause of the following exception:

Traceback (most recent call last):
  File "D:\Vibe_CODEING\Mailing SAA
S\DecisionIntelligence\backend\test
_db_connection.py", line 15, in 
test_connection
    async with engine.begin() as 
conn:
               ^^^^^^^^^^^^^^
  File "C:\Users\subha\AppData\Loca
l\Programs\Python\Python312\Lib\con
textlib.py", line 210, in 
__aenter__
    return await anext(self.gen)
           ^^^^^^^^^^^^^^^^^^^^^
  File "C:\Users\subha\AppData\Loca
l\Programs\Python\Python312\Lib\sit
e-packages\sqlalchemy\ext\asyncio\e
ngine.py", line 1066, in begin
    async with conn:
               ^^^^
  File "C:\Users\subha\AppData\Loca
l\Programs\Python\Python312\Lib\sit
e-packages\sqlalchemy\ext\asyncio\b
ase.py", line 121, in __aenter__
    return await 
self.start(is_ctxmanager=True)
           ^^^^^^^^^^^^^^^^^^^^^^^^
^^^^^^^^^^^^
  File "C:\Users\subha\AppData\Loca
l\Programs\Python\Python312\Lib\sit
e-packages\sqlalchemy\ext\asyncio\e
ngine.py", line 274, in start
    await greenlet_spawn(self.sync_
engine.connect)
  File "C:\Users\subha\AppData\Loca
l\Programs\Python\Python312\Lib\sit
e-packages\sqlalchemy\util\_concurr
ency_py3k.py", line 201, in 
greenlet_spawn
    result = 
context.throw(*sys.exc_info())
             
^^^^^^^^^^^^^^^^^^^^^^^^^^^^^^
  File "C:\Users\subha\AppData\Loca
l\Programs\Python\Python312\Lib\sit
e-packages\sqlalchemy\engine\base.p
y", line 3273, in connect
    return 
self._connection_cls(self)
           
^^^^^^^^^^^^^^^^^^^^^^^^^^
  File "C:\Users\subha\AppData\Loca
l\Programs\Python\Python312\Lib\sit
e-packages\sqlalchemy\engine\base.p
y", line 147, in __init__
    Connection._handle_dbapi_except
ion_noconnection(
  File "C:\Users\subha\AppData\Loca
l\Programs\Python\Python312\Lib\sit
e-packages\sqlalchemy\engine\base.p
y", line 2436, in _handle_dbapi_exc
eption_noconnection
    raise sqlalchemy_exception.with
_traceback(exc_info[2]) from e
  File "C:\Users\subha\AppData\Loca
l\Programs\Python\Python312\Lib\sit
e-packages\sqlalchemy\engine\base.p
y", line 145, in __init__
    self._dbapi_connection = 
engine.raw_connection()
                             
^^^^^^^^^^^^^^^^^^^^^^^
  File "C:\Users\subha\AppData\Loca
l\Programs\Python\Python312\Lib\sit
e-packages\sqlalchemy\engine\base.p
y", line 3297, in raw_connection
    return self.pool.connect()
           ^^^^^^^^^^^^^^^^^^^
  File "C:\Users\subha\AppData\Loca
l\Programs\Python\Python312\Lib\sit
e-packages\sqlalchemy\pool\base.py"
, line 449, in connect
    return 
_ConnectionFairy._checkout(self)
           
^^^^^^^^^^^^^^^^^^^^^^^^^^^^^^^^
  File "C:\Users\subha\AppData\Loca
l\Programs\Python\Python312\Lib\sit
e-packages\sqlalchemy\pool\base.py"
, line 1264, in _checkout
    fairy = 
_ConnectionRecord.checkout(pool)
            
^^^^^^^^^^^^^^^^^^^^^^^^^^^^^^^^
  File "C:\Users\subha\AppData\Loca
l\Programs\Python\Python312\Lib\sit
e-packages\sqlalchemy\pool\base.py"
, line 713, in checkout
    rec = pool._do_get()
          ^^^^^^^^^^^^^^
  File "C:\Users\subha\AppData\Loca
l\Programs\Python\Python312\Lib\sit
e-packages\sqlalchemy\pool\impl.py"
, line 179, in _do_get
    with util.safe_reraise():
         ^^^^^^^^^^^^^^^^^^^
  File "C:\Users\subha\AppData\Loca
l\Programs\Python\Python312\Lib\sit
e-packages\sqlalchemy\util\langhelp
ers.py", line 224, in __exit__
    raise 
exc_value.with_traceback(exc_tb)
  File "C:\Users\subha\AppData\Loca
l\Programs\Python\Python312\Lib\sit
e-packages\sqlalchemy\pool\impl.py"
, line 177, in _do_get
    return 
self._create_connection()
           
^^^^^^^^^^^^^^^^^^^^^^^^^
  File "C:\Users\subha\AppData\Loca
l\Programs\Python\Python312\Lib\sit
e-packages\sqlalchemy\pool\base.py"
, line 390, in _create_connection
    return _ConnectionRecord(self)
           ^^^^^^^^^^^^^^^^^^^^^^^
  File "C:\Users\subha\AppData\Loca
l\Programs\Python\Python312\Lib\sit
e-packages\sqlalchemy\pool\base.py"
, line 675, in __init__
    self.__connect()
  File "C:\Users\subha\AppData\Loca
l\Programs\Python\Python312\Lib\sit
e-packages\sqlalchemy\pool\base.py"
, line 901, in __connect
    with util.safe_reraise():
         ^^^^^^^^^^^^^^^^^^^
  File "C:\Users\subha\AppData\Loca
l\Programs\Python\Python312\Lib\sit
e-packages\sqlalchemy\util\langhelp
ers.py", line 224, in __exit__
    raise 
exc_value.with_traceback(exc_tb)
  File "C:\Users\subha\AppData\Loca
l\Programs\Python\Python312\Lib\sit
e-packages\sqlalchemy\pool\base.py"
, line 897, in __connect
    self.dbapi_connection = 
connection = 
pool._invoke_creator(self)
                                   
      ^^^^^^^^^^^^^^^^^^^^^^^^^^
  File "C:\Users\subha\AppData\Loca
l\Programs\Python\Python312\Lib\sit
e-packages\sqlalchemy\engine\create
.py", line 646, in connect
    return dialect.connect(*cargs, 
**cparams)
           
^^^^^^^^^^^^^^^^^^^^^^^^^^^^^^^^^^
  File "C:\Users\subha\AppData\Loca
l\Programs\Python\Python312\Lib\sit
e-packages\sqlalchemy\engine\defaul
t.py", line 625, in connect
    return 
self.loaded_dbapi.connect(*cargs, 
**cparams)  # type: 
ignore[no-any-return]  # NOQA: E501
           ^^^^^^^^^^^^^^^^^^^^^^^^
^^^^^^^^^^^^^^^^^^^^
  File "C:\Users\subha\AppData\Loca
l\Programs\Python\Python312\Lib\sit
e-packages\sqlalchemy\dialects\mysq
l\aiomysql.py", line 270, in 
connect
    await_only(creator_fn(*arg, 
**kw)),
    
^^^^^^^^^^^^^^^^^^^^^^^^^^^^^^^^^^
  File "C:\Users\subha\AppData\Loca
l\Programs\Python\Python312\Lib\sit
e-packages\sqlalchemy\util\_concurr
ency_py3k.py", line 132, in 
await_only
    return 
current.parent.switch(awaitable)  
# type: 
ignore[no-any-return,attr-defined] 
# noqa: E501
           
^^^^^^^^^^^^^^^^^^^^^^^^^^^^^^^^
  File "C:\Users\subha\AppData\Loca
l\Programs\Python\Python312\Lib\sit
e-packages\sqlalchemy\util\_concurr
ency_py3k.py", line 196, in 
greenlet_spawn
    value = await result
            ^^^^^^^^^^^^
  File "C:\Users\subha\AppData\Loca
l\Programs\Python\Python312\Lib\sit
e-packages\aiomysql\connection.py",
 line 74, in _connect
    await conn._connect()
  File "C:\Users\subha\AppData\Loca
l\Programs\Python\Python312\Lib\sit
e-packages\aiomysql\connection.py",
 line 540, in _connect
    await 
self._request_authentication()
  File "C:\Users\subha\AppData\Loca
l\Programs\Python\Python312\Lib\sit
e-packages\aiomysql\connection.py",
 line 865, in 
_request_authentication
    await self.caching_sha2_passwor
d_auth(auth_packet)
  File "C:\Users\subha\AppData\Loca
l\Programs\Python\Python312\Lib\sit
e-packages\aiomysql\connection.py",
 line 989, in 
caching_sha2_password_auth
    pkt = await self._read_packet()
          ^^^^^^^^^^^^^^^^^^^^^^^^^
  File "C:\Users\subha\AppData\Loca
l\Programs\Python\Python312\Lib\sit
e-packages\aiomysql\connection.py",
 line 652, in _read_packet
    packet.raise_for_error()
  File "C:\Users\subha\AppData\Loca
l\Programs\Python\Python312\Lib\sit
e-packages\pymysql\protocol.py", 
line 219, in raise_for_error
    err.raise_mysql_exception(self.
_data)
  File "C:\Users\subha\AppData\Loca
l\Programs\Python\Python312\Lib\sit
e-packages\pymysql\err.py", line 
150, in raise_mysql_exception
    raise errorclass(errno, errval)
sqlalchemy.exc.OperationalError: 
(pymysql.err.OperationalError) 
(1045, "Access denied for user 
'root'@'localhost' (using 
password: YES)")
(Background on this error at: 
https://sqlalche.me/e/20/e3q8)

During handling of the above 
exception, another exception 
occurred:

Traceback (most recent call last):
  File "D:\Vibe_CODEING\Mailing SAA
S\DecisionIntelligence\backend\test
_db_connection.py", line 57, in 
<module>
    asyncio.run(test_connection())
  File "C:\Users\subha\AppData\Loca
l\Programs\Python\Python312\Lib\asy
ncio\runners.py", line 194, in run
    return runner.run(main)
           ^^^^^^^^^^^^^^^^
  File "C:\Users\subha\AppData\Loca
l\Programs\Python\Python312\Lib\asy
ncio\runners.py", line 118, in run
    return 
self._loop.run_until_complete(task)
           
^^^^^^^^^^^^^^^^^^^^^^^^^^^^^^^^^^^
  File "C:\Users\subha\AppData\Loca
l\Programs\Python\Python312\Lib\asy
ncio\base_events.py", line 686, in 
run_until_complete
    return future.result()
           ^^^^^^^^^^^^^^^
  File "D:\Vibe_CODEING\Mailing SAA
S\DecisionIntelligence\backend\test
_db_connection.py", line 52, in 
test_connection
    print(f"\n\u274c Test failed 
with error: {e}")
  File "C:\Users\subha\AppData\Loca
l\Programs\Python\Python312\Lib\enc
odings\cp1252.py", line 19, in 
encode
    return codecs.charmap_encode(in
put,self.errors,encoding_table)[0]
           ^^^^^^^^^^^^^^^^^^^^^^^^
^^^^^^^^^^^^^^^^^^^^^^^^^^^^^^^
UnicodeEncodeError: 'charmap' 
codec can't encode character 
'\u274c' in position 2: character 
maps to <undefined>
